

================================================================
== Vivado HLS Report for 'predict_ensemble'
================================================================
* Date:           Fri Mar  7 11:07:14 2025

* Version:        2019.1 (Build 2552052 on Fri May 24 15:28:33 MDT 2019)
* Project:        BoostingTree
* Solution:       solution1
* Product family: zynq
* Target device:  xc7z020-clg400-2


================================================================
== Performance Estimates
================================================================
+ Timing (ns): 
    * Summary: 
    +--------+-------+----------+------------+
    |  Clock | Target| Estimated| Uncertainty|
    +--------+-------+----------+------------+
    |ap_clk  |  10.00|     8.588|        1.25|
    +--------+-------+----------+------------+

+ Latency (clock cycles): 
    * Summary: 
    +-----+------+-----+------+---------+
    |   Latency  |  Interval  | Pipeline|
    | min |  max | min |  max |   Type  |
    +-----+------+-----+------+---------+
    |  705|  5569|  705|  5569|   none  |
    +-----+------+-----+------+---------+

    + Detail: 
        * Instance: 
        N/A

        * Loop: 
        +-------------+-----+------+----------+-----------+-----------+--------+----------+
        |             |   Latency  | Iteration|  Initiation Interval  |  Trip  |          |
        |  Loop Name  | min |  max |  Latency |  achieved |   target  |  Count | Pipelined|
        +-------------+-----+------+----------+-----------+-----------+--------+----------+
        |- Loop 1     |  704|  5568|  11 ~ 87 |          -|          -|      64|    no    |
        | + Loop 1.1  |    5|    81|         4|          -|          -| 1 ~ 20 |    no    |
        +-------------+-----+------+----------+-----------+-----------+--------+----------+

============================================================
+ Verbose Summary: Synthesis Manager
============================================================
InlineROM: 1
ExposeGlobal: 0
============================================================
+ Verbose Summary: CDFG Model
============================================================
IsTopModel: 1
ResetActiveHigh: 1
IsCombinational: 0
IsDatapathOnly: 0
HasWiredReturn: 1
HasMFsm: 0
HasVarLatency: 1
IsPipeline: 0
IsRtlPipelined: 0
IsInstanceOverlapped: 0
IsDontTouch: 0
HasImplIP: 0
IsGatedGlobalClock: 0


============================================================
+ Verbose Summary: Schedule
============================================================
* Number of FSM states : 10
* Pipeline : 0
* Dataflow Pipeline: 0

* FSM state transitions: 
1 --> 2 
2 --> 3 
3 --> 4 
4 --> 5 7 
5 --> 6 
6 --> 3 
7 --> 8 
8 --> 9 
9 --> 10 
10 --> 2 

* FSM state operations: 

State 1 <SV = 0> <Delay = 0.46>
ST_1 : Operation 11 [1/1] (0.00ns)   --->   "call void (...)* @_ssdm_op_SpecBitsMap([13 x float]* %features) nounwind, !map !50"   --->   Operation 11 'specbitsmap' <Predicate = true> <Delay = 0.00>
ST_1 : Operation 12 [1/1] (0.00ns)   --->   "call void (...)* @_ssdm_op_SpecBitsMap(float 0.000000e+00) nounwind, !map !56"   --->   Operation 12 'specbitsmap' <Predicate = true> <Delay = 0.00>
ST_1 : Operation 13 [1/1] (0.00ns)   --->   "call void (...)* @_ssdm_op_SpecTopModule([17 x i8]* @predict_ensemble_str) nounwind"   --->   Operation 13 'spectopmodule' <Predicate = true> <Delay = 0.00>
ST_1 : Operation 14 [1/1] (0.00ns)   --->   "call void (...)* @_ssdm_op_SpecInterface(i32 0, [10 x i8]* @p_str2, i32 0, i32 0, [1 x i8]* @p_str1, i32 0, i32 0, [9 x i8]* @p_str3, [1 x i8]* @p_str1, [1 x i8]* @p_str1, i32 0, i32 0, i32 0, i32 0, [1 x i8]* @p_str1, [1 x i8]* @p_str1) nounwind" [BoostingTree/BoostingTree.cpp:12]   --->   Operation 14 'specinterface' <Predicate = true> <Delay = 0.00>
ST_1 : Operation 15 [1/1] (0.46ns)   --->   "br label %1" [BoostingTree/BoostingTree.cpp:16]   --->   Operation 15 'br' <Predicate = true> <Delay = 0.46>

State 2 <SV = 1> <Delay = 3.59>
ST_2 : Operation 16 [1/1] (0.00ns)   --->   "%sum_0 = phi float [ 0.000000e+00, %0 ], [ %sum, %hls_label_0_end ]"   --->   Operation 16 'phi' 'sum_0' <Predicate = true> <Delay = 0.00>
ST_2 : Operation 17 [1/1] (0.00ns)   --->   "%i_0 = phi i7 [ 0, %0 ], [ %i, %hls_label_0_end ]"   --->   Operation 17 'phi' 'i_0' <Predicate = true> <Delay = 0.00>
ST_2 : Operation 18 [1/1] (1.06ns)   --->   "%icmp_ln16 = icmp eq i7 %i_0, -64" [BoostingTree/BoostingTree.cpp:16]   --->   Operation 18 'icmp' 'icmp_ln16' <Predicate = true> <Delay = 1.06> <Core = "Cmp">   --->   Core 25 'Cmp' <Latency = 0> <II = 1> <Delay = 2.02> <FuncUnit> <Opcode : 'icmp'> <InPorts = 2> <OutPorts = 1>
ST_2 : Operation 19 [1/1] (0.00ns)   --->   "call void (...)* @_ssdm_op_SpecLoopTripCount(i64 64, i64 64, i64 64)"   --->   Operation 19 'speclooptripcount' <Predicate = true> <Delay = 0.00>
ST_2 : Operation 20 [1/1] (1.31ns)   --->   "%i = add i7 %i_0, 1" [BoostingTree/BoostingTree.cpp:16]   --->   Operation 20 'add' 'i' <Predicate = true> <Delay = 1.31> <Core = "AddSub">   --->   Core 14 'AddSub' <Latency = 0> <II = 1> <Delay = 0.99> <FuncUnit> <Opcode : 'add' 'sub'> <InPorts = 2> <OutPorts = 1>
ST_2 : Operation 21 [1/1] (0.00ns)   --->   "br i1 %icmp_ln16, label %2, label %hls_label_0_begin" [BoostingTree/BoostingTree.cpp:16]   --->   Operation 21 'br' <Predicate = true> <Delay = 0.00>
ST_2 : Operation 22 [1/1] (0.00ns)   --->   "%tmp_1 = call i32 (...)* @_ssdm_op_SpecRegionBegin([12 x i8]* @p_str4) nounwind" [BoostingTree/BoostingTree.cpp:16]   --->   Operation 22 'specregionbegin' 'tmp_1' <Predicate = (!icmp_ln16)> <Delay = 0.00>
ST_2 : Operation 23 [1/1] (0.00ns)   --->   "call void (...)* @_ssdm_op_SpecPipeline(i32 1, i32 1, i32 1, i32 0, [1 x i8]* @p_str1) nounwind" [BoostingTree/BoostingTree.cpp:17]   --->   Operation 23 'specpipeline' <Predicate = (!icmp_ln16)> <Delay = 0.00>
ST_2 : Operation 24 [1/1] (0.00ns)   --->   "%lshr_ln5 = call i3 @_ssdm_op_PartSelect.i3.i7.i32.i32(i7 %i_0, i32 4, i32 6)" [BoostingTree/Tree_Param.hpp:5->BoostingTree/BoostingTree.cpp:24]   --->   Operation 24 'partselect' 'lshr_ln5' <Predicate = (!icmp_ln16)> <Delay = 0.00>
ST_2 : Operation 25 [1/1] (0.00ns)   --->   "%trunc_ln5_1 = call i2 @_ssdm_op_PartSelect.i2.i7.i32.i32(i7 %i_0, i32 4, i32 5)" [BoostingTree/Tree_Param.hpp:5->BoostingTree/BoostingTree.cpp:24]   --->   Operation 25 'partselect' 'trunc_ln5_1' <Predicate = (!icmp_ln16)> <Delay = 0.00>
ST_2 : Operation 26 [1/1] (0.00ns)   --->   "%zext_ln5 = zext i3 %lshr_ln5 to i32" [BoostingTree/Tree_Param.hpp:5->BoostingTree/BoostingTree.cpp:24]   --->   Operation 26 'zext' 'zext_ln5' <Predicate = (!icmp_ln16)> <Delay = 0.00>
ST_2 : Operation 27 [1/1] (0.00ns)   --->   "%trunc_ln1 = trunc i7 %i_0 to i4" [aesl_mux_load.4[16 x [196 x i4]]P.i32.i64.i64:1->BoostingTree/Tree_Param.hpp:5->BoostingTree/BoostingTree.cpp:24]   --->   Operation 27 'trunc' 'trunc_ln1' <Predicate = (!icmp_ln16)> <Delay = 0.00>
ST_2 : Operation 28 [1/1] (0.00ns)   --->   "%zext_ln1 = zext i4 %trunc_ln1 to i12" [aesl_mux_load.4[16 x [196 x i4]]P.i32.i64.i64:1->BoostingTree/Tree_Param.hpp:5->BoostingTree/BoostingTree.cpp:24]   --->   Operation 28 'zext' 'zext_ln1' <Predicate = (!icmp_ln16)> <Delay = 0.00>
ST_2 : Operation 29 [1/1] (3.59ns)   --->   "%mul_ln1 = mul i12 196, %zext_ln1" [aesl_mux_load.4[16 x [196 x i4]]P.i32.i64.i64:1->BoostingTree/Tree_Param.hpp:5->BoostingTree/BoostingTree.cpp:24]   --->   Operation 29 'mul' 'mul_ln1' <Predicate = (!icmp_ln16)> <Delay = 3.59> <Core = "Mul">   --->   Core 16 'Mul' <Latency = 0> <II = 1> <Delay = 3.59> <FuncUnit> <Opcode : 'mul'> <InPorts = 2> <OutPorts = 1>
ST_2 : Operation 30 [1/1] (0.50ns)   --->   "%icmp_ln13 = icmp eq i2 %trunc_ln5_1, -2" [aesl_mux_load.4[16 x [196 x float]]P.i32.i64.i64:13->BoostingTree/Tree_Param.hpp:5->BoostingTree/BoostingTree.cpp:24]   --->   Operation 30 'icmp' 'icmp_ln13' <Predicate = (!icmp_ln16)> <Delay = 0.50> <Core = "Cmp">   --->   Core 25 'Cmp' <Latency = 0> <II = 1> <Delay = 2.02> <FuncUnit> <Opcode : 'icmp'> <InPorts = 2> <OutPorts = 1>
ST_2 : Operation 31 [1/1] (0.50ns)   --->   "%icmp_ln13_1 = icmp eq i2 %trunc_ln5_1, 0" [aesl_mux_load.4[16 x [196 x i1]]P.i32.i64.i64:13->BoostingTree/Tree_Param.hpp:5->BoostingTree/BoostingTree.cpp:24]   --->   Operation 31 'icmp' 'icmp_ln13_1' <Predicate = (!icmp_ln16)> <Delay = 0.50> <Core = "Cmp">   --->   Core 25 'Cmp' <Latency = 0> <II = 1> <Delay = 2.02> <FuncUnit> <Opcode : 'icmp'> <InPorts = 2> <OutPorts = 1>
ST_2 : Operation 32 [1/1] (0.50ns)   --->   "%icmp_ln13_2 = icmp eq i2 %trunc_ln5_1, 1" [aesl_mux_load.4[16 x [196 x i1]]P.i32.i64.i64:13->BoostingTree/Tree_Param.hpp:5->BoostingTree/BoostingTree.cpp:24]   --->   Operation 32 'icmp' 'icmp_ln13_2' <Predicate = (!icmp_ln16)> <Delay = 0.50> <Core = "Cmp">   --->   Core 25 'Cmp' <Latency = 0> <II = 1> <Delay = 2.02> <FuncUnit> <Opcode : 'icmp'> <InPorts = 2> <OutPorts = 1>
ST_2 : Operation 33 [1/1] (0.80ns)   --->   "%or_ln13 = or i1 %icmp_ln13, %icmp_ln13_2" [aesl_mux_load.4[16 x [196 x i1]]P.i32.i64.i64:13->BoostingTree/Tree_Param.hpp:5->BoostingTree/BoostingTree.cpp:24]   --->   Operation 33 'or' 'or_ln13' <Predicate = (!icmp_ln16)> <Delay = 0.80> <Core = "LogicGate">   --->   Core 27 'LogicGate' <Latency = 0> <II = 1> <Delay = 0.80> <FuncUnit> <Opcode : 'and' 'or' 'xor'> <InPorts = 2> <OutPorts = 1>
ST_2 : Operation 34 [1/1] (0.46ns)   --->   "br label %hls_label_1_begin" [BoostingTree/BoostingTree.cpp:22]   --->   Operation 34 'br' <Predicate = (!icmp_ln16)> <Delay = 0.46>
ST_2 : Operation 35 [1/1] (0.00ns)   --->   "ret float %sum_0" [BoostingTree/BoostingTree.cpp:35]   --->   Operation 35 'ret' <Predicate = (icmp_ln16)> <Delay = 0.00>

State 3 <SV = 2> <Delay = 4.31>
ST_3 : Operation 36 [1/1] (0.00ns)   --->   "%curren_0 = phi i8 [ 0, %hls_label_0_begin ], [ %select_ln31, %hls_label_1_end ]" [BoostingTree/BoostingTree.cpp:31]   --->   Operation 36 'phi' 'curren_0' <Predicate = true> <Delay = 0.00>
ST_3 : Operation 37 [1/1] (0.00ns)   --->   "%zext_ln1_1 = zext i8 %curren_0 to i12" [aesl_mux_load.4[16 x [196 x i4]]P.i32.i64.i64:1->BoostingTree/Tree_Param.hpp:5->BoostingTree/BoostingTree.cpp:24]   --->   Operation 37 'zext' 'zext_ln1_1' <Predicate = true> <Delay = 0.00>
ST_3 : Operation 38 [1/1] (1.54ns)   --->   "%add_ln1 = add i12 %mul_ln1, %zext_ln1_1" [aesl_mux_load.4[16 x [196 x i4]]P.i32.i64.i64:1->BoostingTree/Tree_Param.hpp:5->BoostingTree/BoostingTree.cpp:24]   --->   Operation 38 'add' 'add_ln1' <Predicate = true> <Delay = 1.54> <Core = "AddSub">   --->   Core 14 'AddSub' <Latency = 0> <II = 1> <Delay = 0.99> <FuncUnit> <Opcode : 'add' 'sub'> <InPorts = 2> <OutPorts = 1>
ST_3 : Operation 39 [1/1] (0.00ns)   --->   "%zext_ln1_2 = zext i12 %add_ln1 to i64" [aesl_mux_load.4[16 x [196 x i4]]P.i32.i64.i64:1->BoostingTree/Tree_Param.hpp:5->BoostingTree/BoostingTree.cpp:24]   --->   Operation 39 'zext' 'zext_ln1_2' <Predicate = true> <Delay = 0.00>
ST_3 : Operation 40 [1/1] (0.00ns)   --->   "%LBoostTree_feature_i_4 = getelementptr [3136 x i4]* @LBoostTree_feature_i_3, i64 0, i64 %zext_ln1_2" [aesl_mux_load.4[16 x [196 x i4]]P.i32.i64.i64:1->BoostingTree/Tree_Param.hpp:5->BoostingTree/BoostingTree.cpp:24]   --->   Operation 40 'getelementptr' 'LBoostTree_feature_i_4' <Predicate = (icmp_ln13_1 & !or_ln13)> <Delay = 0.00>
ST_3 : Operation 41 [1/1] (0.00ns)   --->   "%LBoostTree_feature_i_5 = getelementptr [3136 x i4]* @LBoostTree_feature_i_2, i64 0, i64 %zext_ln1_2" [aesl_mux_load.4[16 x [196 x i4]]P.i32.i64.i64:4->BoostingTree/Tree_Param.hpp:5->BoostingTree/BoostingTree.cpp:24]   --->   Operation 41 'getelementptr' 'LBoostTree_feature_i_5' <Predicate = (!icmp_ln13 & or_ln13)> <Delay = 0.00>
ST_3 : Operation 42 [1/1] (0.00ns)   --->   "%LBoostTree_feature_i_6 = getelementptr [3136 x i4]* @LBoostTree_feature_i_1, i64 0, i64 %zext_ln1_2" [aesl_mux_load.4[16 x [196 x i4]]P.i32.i64.i64:7->BoostingTree/Tree_Param.hpp:5->BoostingTree/BoostingTree.cpp:24]   --->   Operation 42 'getelementptr' 'LBoostTree_feature_i_6' <Predicate = (icmp_ln13 & or_ln13)> <Delay = 0.00>
ST_3 : Operation 43 [1/1] (0.00ns)   --->   "%LBoostTree_feature_i_7 = getelementptr [3136 x i4]* @LBoostTree_feature_i, i64 0, i64 %zext_ln1_2" [aesl_mux_load.4[16 x [196 x i4]]P.i32.i64.i64:10->BoostingTree/Tree_Param.hpp:5->BoostingTree/BoostingTree.cpp:24]   --->   Operation 43 'getelementptr' 'LBoostTree_feature_i_7' <Predicate = (!icmp_ln13_1 & !or_ln13)> <Delay = 0.00>
ST_3 : Operation 44 [1/1] (0.00ns)   --->   "%LBoostTree_is_leaf_0_1 = getelementptr [3136 x i1]* @LBoostTree_is_leaf_0, i64 0, i64 %zext_ln1_2" [aesl_mux_load.4[16 x [196 x i1]]P.i32.i64.i64:1->BoostingTree/Tree_Param.hpp:5->BoostingTree/BoostingTree.cpp:24]   --->   Operation 44 'getelementptr' 'LBoostTree_is_leaf_0_1' <Predicate = (icmp_ln13_1 & !or_ln13)> <Delay = 0.00>
ST_3 : Operation 45 [1/1] (0.00ns)   --->   "%LBoostTree_is_leaf_1_1 = getelementptr [3136 x i1]* @LBoostTree_is_leaf_1, i64 0, i64 %zext_ln1_2" [aesl_mux_load.4[16 x [196 x i1]]P.i32.i64.i64:4->BoostingTree/Tree_Param.hpp:5->BoostingTree/BoostingTree.cpp:24]   --->   Operation 45 'getelementptr' 'LBoostTree_is_leaf_1_1' <Predicate = (!icmp_ln13 & or_ln13)> <Delay = 0.00>
ST_3 : Operation 46 [1/1] (0.00ns)   --->   "%LBoostTree_is_leaf_2_1 = getelementptr [3136 x i1]* @LBoostTree_is_leaf_2, i64 0, i64 %zext_ln1_2" [aesl_mux_load.4[16 x [196 x i1]]P.i32.i64.i64:7->BoostingTree/Tree_Param.hpp:5->BoostingTree/BoostingTree.cpp:24]   --->   Operation 46 'getelementptr' 'LBoostTree_is_leaf_2_1' <Predicate = (icmp_ln13 & or_ln13)> <Delay = 0.00>
ST_3 : Operation 47 [1/1] (0.00ns)   --->   "%LBoostTree_is_leaf_3_1 = getelementptr [3136 x i1]* @LBoostTree_is_leaf_3, i64 0, i64 %zext_ln1_2" [aesl_mux_load.4[16 x [196 x i1]]P.i32.i64.i64:10->BoostingTree/Tree_Param.hpp:5->BoostingTree/BoostingTree.cpp:24]   --->   Operation 47 'getelementptr' 'LBoostTree_is_leaf_3_1' <Predicate = (!icmp_ln13_1 & !or_ln13)> <Delay = 0.00>
ST_3 : Operation 48 [1/1] (0.00ns)   --->   "%LBoostTree_left_chil_4 = getelementptr [3136 x i8]* @LBoostTree_left_chil_3, i64 0, i64 %zext_ln1_2" [BoostingTree/Tree_Param.hpp:5->BoostingTree/BoostingTree.cpp:24]   --->   Operation 48 'getelementptr' 'LBoostTree_left_chil_4' <Predicate = true> <Delay = 0.00>
ST_3 : Operation 49 [1/1] (0.00ns)   --->   "%LBoostTree_left_chil_5 = getelementptr [3136 x i8]* @LBoostTree_left_chil_2, i64 0, i64 %zext_ln1_2" [BoostingTree/Tree_Param.hpp:5->BoostingTree/BoostingTree.cpp:24]   --->   Operation 49 'getelementptr' 'LBoostTree_left_chil_5' <Predicate = true> <Delay = 0.00>
ST_3 : Operation 50 [1/1] (0.00ns)   --->   "%LBoostTree_left_chil_6 = getelementptr [3136 x i8]* @LBoostTree_left_chil_1, i64 0, i64 %zext_ln1_2" [BoostingTree/Tree_Param.hpp:5->BoostingTree/BoostingTree.cpp:24]   --->   Operation 50 'getelementptr' 'LBoostTree_left_chil_6' <Predicate = true> <Delay = 0.00>
ST_3 : Operation 51 [1/1] (0.00ns)   --->   "%LBoostTree_left_chil_7 = getelementptr [3136 x i8]* @LBoostTree_left_chil, i64 0, i64 %zext_ln1_2" [BoostingTree/Tree_Param.hpp:5->BoostingTree/BoostingTree.cpp:24]   --->   Operation 51 'getelementptr' 'LBoostTree_left_chil_7' <Predicate = true> <Delay = 0.00>
ST_3 : Operation 52 [1/1] (0.00ns)   --->   "%LBoostTree_right_chi_4 = getelementptr [3136 x i8]* @LBoostTree_right_chi_3, i64 0, i64 %zext_ln1_2" [BoostingTree/Tree_Param.hpp:5->BoostingTree/BoostingTree.cpp:24]   --->   Operation 52 'getelementptr' 'LBoostTree_right_chi_4' <Predicate = true> <Delay = 0.00>
ST_3 : Operation 53 [1/1] (0.00ns)   --->   "%LBoostTree_right_chi_5 = getelementptr [3136 x i8]* @LBoostTree_right_chi_2, i64 0, i64 %zext_ln1_2" [BoostingTree/Tree_Param.hpp:5->BoostingTree/BoostingTree.cpp:24]   --->   Operation 53 'getelementptr' 'LBoostTree_right_chi_5' <Predicate = true> <Delay = 0.00>
ST_3 : Operation 54 [1/1] (0.00ns)   --->   "%LBoostTree_right_chi_6 = getelementptr [3136 x i8]* @LBoostTree_right_chi_1, i64 0, i64 %zext_ln1_2" [BoostingTree/Tree_Param.hpp:5->BoostingTree/BoostingTree.cpp:24]   --->   Operation 54 'getelementptr' 'LBoostTree_right_chi_6' <Predicate = true> <Delay = 0.00>
ST_3 : Operation 55 [1/1] (0.00ns)   --->   "%LBoostTree_right_chi_7 = getelementptr [3136 x i8]* @LBoostTree_right_chi, i64 0, i64 %zext_ln1_2" [BoostingTree/Tree_Param.hpp:5->BoostingTree/BoostingTree.cpp:24]   --->   Operation 55 'getelementptr' 'LBoostTree_right_chi_7' <Predicate = true> <Delay = 0.00>
ST_3 : Operation 56 [1/1] (0.00ns)   --->   "%LBoostTree_value_0_a = getelementptr [3136 x float]* @LBoostTree_value_0, i64 0, i64 %zext_ln1_2" [aesl_mux_load.4[16 x [196 x float]]P.i32.i64.i64:1->BoostingTree/Tree_Param.hpp:5->BoostingTree/BoostingTree.cpp:24]   --->   Operation 56 'getelementptr' 'LBoostTree_value_0_a' <Predicate = (!icmp_ln13 & icmp_ln13_1 & !icmp_ln13_2)> <Delay = 0.00>
ST_3 : Operation 57 [1/1] (0.00ns)   --->   "%LBoostTree_value_1_a = getelementptr [3136 x float]* @LBoostTree_value_1, i64 0, i64 %zext_ln1_2" [aesl_mux_load.4[16 x [196 x float]]P.i32.i64.i64:4->BoostingTree/Tree_Param.hpp:5->BoostingTree/BoostingTree.cpp:24]   --->   Operation 57 'getelementptr' 'LBoostTree_value_1_a' <Predicate = (!icmp_ln13 & icmp_ln13_2)> <Delay = 0.00>
ST_3 : Operation 58 [1/1] (0.00ns)   --->   "%LBoostTree_value_2_a = getelementptr [3136 x float]* @LBoostTree_value_2, i64 0, i64 %zext_ln1_2" [aesl_mux_load.4[16 x [196 x float]]P.i32.i64.i64:7->BoostingTree/Tree_Param.hpp:5->BoostingTree/BoostingTree.cpp:24]   --->   Operation 58 'getelementptr' 'LBoostTree_value_2_a' <Predicate = (icmp_ln13)> <Delay = 0.00>
ST_3 : Operation 59 [1/1] (0.00ns)   --->   "%LBoostTree_value_3_a = getelementptr [3136 x float]* @LBoostTree_value_3, i64 0, i64 %zext_ln1_2" [aesl_mux_load.4[16 x [196 x float]]P.i32.i64.i64:10->BoostingTree/Tree_Param.hpp:5->BoostingTree/BoostingTree.cpp:24]   --->   Operation 59 'getelementptr' 'LBoostTree_value_3_a' <Predicate = (!icmp_ln13 & !icmp_ln13_1 & !icmp_ln13_2)> <Delay = 0.00>
ST_3 : Operation 60 [2/2] (2.77ns)   --->   "%LBoostTree_is_leaf_3_2 = load i1* %LBoostTree_is_leaf_3_1, align 1" [aesl_mux_load.4[16 x [196 x i1]]P.i32.i64.i64:11->BoostingTree/Tree_Param.hpp:5->BoostingTree/BoostingTree.cpp:24]   --->   Operation 60 'load' 'LBoostTree_is_leaf_3_2' <Predicate = (!icmp_ln13_1 & !or_ln13)> <Delay = 2.77> <Core = "ROM_nP">   --->   Core 52 'ROM_nP' <Latency = 1> <II = 1> <Delay = 2.77> <Storage> <Opcode : 'load'> <Ports = 0> <Width = 8> <Depth = 3136> <ROM>
ST_3 : Operation 61 [2/2] (2.77ns)   --->   "%LBoostTree_is_leaf_0_2 = load i1* %LBoostTree_is_leaf_0_1, align 1" [aesl_mux_load.4[16 x [196 x i1]]P.i32.i64.i64:2->BoostingTree/Tree_Param.hpp:5->BoostingTree/BoostingTree.cpp:24]   --->   Operation 61 'load' 'LBoostTree_is_leaf_0_2' <Predicate = (icmp_ln13_1 & !or_ln13)> <Delay = 2.77> <Core = "ROM_nP">   --->   Core 52 'ROM_nP' <Latency = 1> <II = 1> <Delay = 2.77> <Storage> <Opcode : 'load'> <Ports = 0> <Width = 8> <Depth = 3136> <ROM>
ST_3 : Operation 62 [2/2] (2.77ns)   --->   "%LBoostTree_is_leaf_1_2 = load i1* %LBoostTree_is_leaf_1_1, align 1" [aesl_mux_load.4[16 x [196 x i1]]P.i32.i64.i64:5->BoostingTree/Tree_Param.hpp:5->BoostingTree/BoostingTree.cpp:24]   --->   Operation 62 'load' 'LBoostTree_is_leaf_1_2' <Predicate = (!icmp_ln13 & or_ln13)> <Delay = 2.77> <Core = "ROM_nP">   --->   Core 52 'ROM_nP' <Latency = 1> <II = 1> <Delay = 2.77> <Storage> <Opcode : 'load'> <Ports = 0> <Width = 8> <Depth = 3136> <ROM>
ST_3 : Operation 63 [2/2] (2.77ns)   --->   "%LBoostTree_is_leaf_2_2 = load i1* %LBoostTree_is_leaf_2_1, align 1" [aesl_mux_load.4[16 x [196 x i1]]P.i32.i64.i64:8->BoostingTree/Tree_Param.hpp:5->BoostingTree/BoostingTree.cpp:24]   --->   Operation 63 'load' 'LBoostTree_is_leaf_2_2' <Predicate = (icmp_ln13 & or_ln13)> <Delay = 2.77> <Core = "ROM_nP">   --->   Core 52 'ROM_nP' <Latency = 1> <II = 1> <Delay = 2.77> <Storage> <Opcode : 'load'> <Ports = 0> <Width = 8> <Depth = 3136> <ROM>
ST_3 : Operation 64 [2/2] (2.77ns)   --->   "%LBoostTree_feature_i_8 = load i4* %LBoostTree_feature_i_7, align 1" [aesl_mux_load.4[16 x [196 x i4]]P.i32.i64.i64:11->BoostingTree/Tree_Param.hpp:5->BoostingTree/BoostingTree.cpp:24]   --->   Operation 64 'load' 'LBoostTree_feature_i_8' <Predicate = (!icmp_ln13_1 & !or_ln13)> <Delay = 2.77> <Core = "ROM_nP">   --->   Core 52 'ROM_nP' <Latency = 1> <II = 1> <Delay = 2.77> <Storage> <Opcode : 'load'> <Ports = 0> <Width = 8> <Depth = 3136> <ROM>
ST_3 : Operation 65 [2/2] (2.77ns)   --->   "%LBoostTree_feature_i_9 = load i4* %LBoostTree_feature_i_4, align 1" [aesl_mux_load.4[16 x [196 x i4]]P.i32.i64.i64:2->BoostingTree/Tree_Param.hpp:5->BoostingTree/BoostingTree.cpp:24]   --->   Operation 65 'load' 'LBoostTree_feature_i_9' <Predicate = (icmp_ln13_1 & !or_ln13)> <Delay = 2.77> <Core = "ROM_nP">   --->   Core 52 'ROM_nP' <Latency = 1> <II = 1> <Delay = 2.77> <Storage> <Opcode : 'load'> <Ports = 0> <Width = 8> <Depth = 3136> <ROM>
ST_3 : Operation 66 [2/2] (2.77ns)   --->   "%LBoostTree_feature_i_10 = load i4* %LBoostTree_feature_i_5, align 1" [aesl_mux_load.4[16 x [196 x i4]]P.i32.i64.i64:5->BoostingTree/Tree_Param.hpp:5->BoostingTree/BoostingTree.cpp:24]   --->   Operation 66 'load' 'LBoostTree_feature_i_10' <Predicate = (!icmp_ln13 & or_ln13)> <Delay = 2.77> <Core = "ROM_nP">   --->   Core 52 'ROM_nP' <Latency = 1> <II = 1> <Delay = 2.77> <Storage> <Opcode : 'load'> <Ports = 0> <Width = 8> <Depth = 3136> <ROM>
ST_3 : Operation 67 [2/2] (2.77ns)   --->   "%LBoostTree_feature_i_11 = load i4* %LBoostTree_feature_i_6, align 1" [aesl_mux_load.4[16 x [196 x i4]]P.i32.i64.i64:8->BoostingTree/Tree_Param.hpp:5->BoostingTree/BoostingTree.cpp:24]   --->   Operation 67 'load' 'LBoostTree_feature_i_11' <Predicate = (icmp_ln13 & or_ln13)> <Delay = 2.77> <Core = "ROM_nP">   --->   Core 52 'ROM_nP' <Latency = 1> <II = 1> <Delay = 2.77> <Storage> <Opcode : 'load'> <Ports = 0> <Width = 8> <Depth = 3136> <ROM>
ST_3 : Operation 68 [2/2] (2.77ns)   --->   "%LBoostTree_value_3_l = load float* %LBoostTree_value_3_a, align 4" [aesl_mux_load.4[16 x [196 x float]]P.i32.i64.i64:11->BoostingTree/Tree_Param.hpp:5->BoostingTree/BoostingTree.cpp:24]   --->   Operation 68 'load' 'LBoostTree_value_3_l' <Predicate = (!icmp_ln13 & !icmp_ln13_1 & !icmp_ln13_2)> <Delay = 2.77> <Core = "ROM_nP">   --->   Core 52 'ROM_nP' <Latency = 1> <II = 1> <Delay = 2.77> <Storage> <Opcode : 'load'> <Ports = 0> <Width = 8> <Depth = 3136> <ROM>
ST_3 : Operation 69 [2/2] (2.77ns)   --->   "%LBoostTree_value_0_l = load float* %LBoostTree_value_0_a, align 4" [aesl_mux_load.4[16 x [196 x float]]P.i32.i64.i64:2->BoostingTree/Tree_Param.hpp:5->BoostingTree/BoostingTree.cpp:24]   --->   Operation 69 'load' 'LBoostTree_value_0_l' <Predicate = (!icmp_ln13 & icmp_ln13_1 & !icmp_ln13_2)> <Delay = 2.77> <Core = "ROM_nP">   --->   Core 52 'ROM_nP' <Latency = 1> <II = 1> <Delay = 2.77> <Storage> <Opcode : 'load'> <Ports = 0> <Width = 8> <Depth = 3136> <ROM>
ST_3 : Operation 70 [2/2] (2.77ns)   --->   "%LBoostTree_value_1_l = load float* %LBoostTree_value_1_a, align 4" [aesl_mux_load.4[16 x [196 x float]]P.i32.i64.i64:5->BoostingTree/Tree_Param.hpp:5->BoostingTree/BoostingTree.cpp:24]   --->   Operation 70 'load' 'LBoostTree_value_1_l' <Predicate = (!icmp_ln13 & icmp_ln13_2)> <Delay = 2.77> <Core = "ROM_nP">   --->   Core 52 'ROM_nP' <Latency = 1> <II = 1> <Delay = 2.77> <Storage> <Opcode : 'load'> <Ports = 0> <Width = 8> <Depth = 3136> <ROM>
ST_3 : Operation 71 [2/2] (2.77ns)   --->   "%LBoostTree_value_2_l = load float* %LBoostTree_value_2_a, align 4" [aesl_mux_load.4[16 x [196 x float]]P.i32.i64.i64:8->BoostingTree/Tree_Param.hpp:5->BoostingTree/BoostingTree.cpp:24]   --->   Operation 71 'load' 'LBoostTree_value_2_l' <Predicate = (icmp_ln13)> <Delay = 2.77> <Core = "ROM_nP">   --->   Core 52 'ROM_nP' <Latency = 1> <II = 1> <Delay = 2.77> <Storage> <Opcode : 'load'> <Ports = 0> <Width = 8> <Depth = 3136> <ROM>
ST_3 : Operation 72 [2/2] (2.77ns)   --->   "%LBoostTree_left_chil_8 = load i8* %LBoostTree_left_chil_4, align 1" [BoostingTree/Tree_Param.hpp:5->BoostingTree/BoostingTree.cpp:24]   --->   Operation 72 'load' 'LBoostTree_left_chil_8' <Predicate = true> <Delay = 2.77> <Core = "ROM_nP">   --->   Core 52 'ROM_nP' <Latency = 1> <II = 1> <Delay = 2.77> <Storage> <Opcode : 'load'> <Ports = 0> <Width = 8> <Depth = 3136> <ROM>
ST_3 : Operation 73 [2/2] (2.77ns)   --->   "%LBoostTree_left_chil_9 = load i8* %LBoostTree_left_chil_5, align 1" [BoostingTree/Tree_Param.hpp:5->BoostingTree/BoostingTree.cpp:24]   --->   Operation 73 'load' 'LBoostTree_left_chil_9' <Predicate = true> <Delay = 2.77> <Core = "ROM_nP">   --->   Core 52 'ROM_nP' <Latency = 1> <II = 1> <Delay = 2.77> <Storage> <Opcode : 'load'> <Ports = 0> <Width = 8> <Depth = 3136> <ROM>
ST_3 : Operation 74 [2/2] (2.77ns)   --->   "%LBoostTree_left_chil_10 = load i8* %LBoostTree_left_chil_6, align 1" [BoostingTree/Tree_Param.hpp:5->BoostingTree/BoostingTree.cpp:24]   --->   Operation 74 'load' 'LBoostTree_left_chil_10' <Predicate = true> <Delay = 2.77> <Core = "ROM_nP">   --->   Core 52 'ROM_nP' <Latency = 1> <II = 1> <Delay = 2.77> <Storage> <Opcode : 'load'> <Ports = 0> <Width = 8> <Depth = 3136> <ROM>
ST_3 : Operation 75 [2/2] (2.77ns)   --->   "%LBoostTree_left_chil_11 = load i8* %LBoostTree_left_chil_7, align 1" [BoostingTree/Tree_Param.hpp:5->BoostingTree/BoostingTree.cpp:24]   --->   Operation 75 'load' 'LBoostTree_left_chil_11' <Predicate = true> <Delay = 2.77> <Core = "ROM_nP">   --->   Core 52 'ROM_nP' <Latency = 1> <II = 1> <Delay = 2.77> <Storage> <Opcode : 'load'> <Ports = 0> <Width = 8> <Depth = 3136> <ROM>
ST_3 : Operation 76 [2/2] (2.77ns)   --->   "%LBoostTree_right_chi_8 = load i8* %LBoostTree_right_chi_4, align 1" [BoostingTree/Tree_Param.hpp:5->BoostingTree/BoostingTree.cpp:24]   --->   Operation 76 'load' 'LBoostTree_right_chi_8' <Predicate = true> <Delay = 2.77> <Core = "ROM_nP">   --->   Core 52 'ROM_nP' <Latency = 1> <II = 1> <Delay = 2.77> <Storage> <Opcode : 'load'> <Ports = 0> <Width = 8> <Depth = 3136> <ROM>
ST_3 : Operation 77 [2/2] (2.77ns)   --->   "%LBoostTree_right_chi_9 = load i8* %LBoostTree_right_chi_5, align 1" [BoostingTree/Tree_Param.hpp:5->BoostingTree/BoostingTree.cpp:24]   --->   Operation 77 'load' 'LBoostTree_right_chi_9' <Predicate = true> <Delay = 2.77> <Core = "ROM_nP">   --->   Core 52 'ROM_nP' <Latency = 1> <II = 1> <Delay = 2.77> <Storage> <Opcode : 'load'> <Ports = 0> <Width = 8> <Depth = 3136> <ROM>
ST_3 : Operation 78 [2/2] (2.77ns)   --->   "%LBoostTree_right_chi_10 = load i8* %LBoostTree_right_chi_6, align 1" [BoostingTree/Tree_Param.hpp:5->BoostingTree/BoostingTree.cpp:24]   --->   Operation 78 'load' 'LBoostTree_right_chi_10' <Predicate = true> <Delay = 2.77> <Core = "ROM_nP">   --->   Core 52 'ROM_nP' <Latency = 1> <II = 1> <Delay = 2.77> <Storage> <Opcode : 'load'> <Ports = 0> <Width = 8> <Depth = 3136> <ROM>
ST_3 : Operation 79 [2/2] (2.77ns)   --->   "%LBoostTree_right_chi_11 = load i8* %LBoostTree_right_chi_7, align 1" [BoostingTree/Tree_Param.hpp:5->BoostingTree/BoostingTree.cpp:24]   --->   Operation 79 'load' 'LBoostTree_right_chi_11' <Predicate = true> <Delay = 2.77> <Core = "ROM_nP">   --->   Core 52 'ROM_nP' <Latency = 1> <II = 1> <Delay = 2.77> <Storage> <Opcode : 'load'> <Ports = 0> <Width = 8> <Depth = 3136> <ROM>

State 4 <SV = 3> <Delay = 7.19>
ST_4 : Operation 80 [1/1] (0.00ns)   --->   "%tmp_2 = call i32 (...)* @_ssdm_op_SpecRegionBegin([12 x i8]* @p_str5) nounwind" [BoostingTree/BoostingTree.cpp:22]   --->   Operation 80 'specregionbegin' 'tmp_2' <Predicate = true> <Delay = 0.00>
ST_4 : Operation 81 [1/1] (0.00ns)   --->   "call void (...)* @_ssdm_op_SpecLoopTripCount(i32 1, i32 20, i32 10, [1 x i8]* @p_str1) nounwind" [BoostingTree/BoostingTree.cpp:23]   --->   Operation 81 'speclooptripcount' <Predicate = true> <Delay = 0.00>
ST_4 : Operation 82 [1/2] (2.77ns)   --->   "%LBoostTree_is_leaf_3_2 = load i1* %LBoostTree_is_leaf_3_1, align 1" [aesl_mux_load.4[16 x [196 x i1]]P.i32.i64.i64:11->BoostingTree/Tree_Param.hpp:5->BoostingTree/BoostingTree.cpp:24]   --->   Operation 82 'load' 'LBoostTree_is_leaf_3_2' <Predicate = (!icmp_ln13_1 & !or_ln13)> <Delay = 2.77> <Core = "ROM_nP">   --->   Core 52 'ROM_nP' <Latency = 1> <II = 1> <Delay = 2.77> <Storage> <Opcode : 'load'> <Ports = 0> <Width = 8> <Depth = 3136> <ROM>
ST_4 : Operation 83 [1/2] (2.77ns)   --->   "%LBoostTree_is_leaf_0_2 = load i1* %LBoostTree_is_leaf_0_1, align 1" [aesl_mux_load.4[16 x [196 x i1]]P.i32.i64.i64:2->BoostingTree/Tree_Param.hpp:5->BoostingTree/BoostingTree.cpp:24]   --->   Operation 83 'load' 'LBoostTree_is_leaf_0_2' <Predicate = (icmp_ln13_1 & !or_ln13)> <Delay = 2.77> <Core = "ROM_nP">   --->   Core 52 'ROM_nP' <Latency = 1> <II = 1> <Delay = 2.77> <Storage> <Opcode : 'load'> <Ports = 0> <Width = 8> <Depth = 3136> <ROM>
ST_4 : Operation 84 [1/2] (2.77ns)   --->   "%LBoostTree_is_leaf_1_2 = load i1* %LBoostTree_is_leaf_1_1, align 1" [aesl_mux_load.4[16 x [196 x i1]]P.i32.i64.i64:5->BoostingTree/Tree_Param.hpp:5->BoostingTree/BoostingTree.cpp:24]   --->   Operation 84 'load' 'LBoostTree_is_leaf_1_2' <Predicate = (!icmp_ln13 & or_ln13)> <Delay = 2.77> <Core = "ROM_nP">   --->   Core 52 'ROM_nP' <Latency = 1> <II = 1> <Delay = 2.77> <Storage> <Opcode : 'load'> <Ports = 0> <Width = 8> <Depth = 3136> <ROM>
ST_4 : Operation 85 [1/2] (2.77ns)   --->   "%LBoostTree_is_leaf_2_2 = load i1* %LBoostTree_is_leaf_2_1, align 1" [aesl_mux_load.4[16 x [196 x i1]]P.i32.i64.i64:8->BoostingTree/Tree_Param.hpp:5->BoostingTree/BoostingTree.cpp:24]   --->   Operation 85 'load' 'LBoostTree_is_leaf_2_2' <Predicate = (icmp_ln13 & or_ln13)> <Delay = 2.77> <Core = "ROM_nP">   --->   Core 52 'ROM_nP' <Latency = 1> <II = 1> <Delay = 2.77> <Storage> <Opcode : 'load'> <Ports = 0> <Width = 8> <Depth = 3136> <ROM>
ST_4 : Operation 86 [1/1] (0.00ns) (grouped into LUT with out node node_is_leaf)   --->   "%select_ln13 = select i1 %icmp_ln13, i1 %LBoostTree_is_leaf_2_2, i1 %LBoostTree_is_leaf_1_2" [aesl_mux_load.4[16 x [196 x i1]]P.i32.i64.i64:13->BoostingTree/Tree_Param.hpp:5->BoostingTree/BoostingTree.cpp:24]   --->   Operation 86 'select' 'select_ln13' <Predicate = (or_ln13)> <Delay = 0.00> <Core = "Sel">   --->   Core 26 'Sel' <Latency = 0> <II = 1> <Delay = 0.44> <FuncUnit> <Opcode : 'select'> <InPorts = 3> <OutPorts = 1>
ST_4 : Operation 87 [1/1] (0.81ns) (out node of the LUT)   --->   "%select_ln13_1 = select i1 %icmp_ln13_1, i1 %LBoostTree_is_leaf_0_2, i1 %LBoostTree_is_leaf_3_2" [aesl_mux_load.4[16 x [196 x i1]]P.i32.i64.i64:13->BoostingTree/Tree_Param.hpp:5->BoostingTree/BoostingTree.cpp:24]   --->   Operation 87 'select' 'select_ln13_1' <Predicate = (!or_ln13)> <Delay = 0.81> <Core = "Sel">   --->   Core 26 'Sel' <Latency = 0> <II = 1> <Delay = 0.44> <FuncUnit> <Opcode : 'select'> <InPorts = 3> <OutPorts = 1>
ST_4 : Operation 88 [1/1] (0.81ns) (out node of the LUT)   --->   "%node_is_leaf = select i1 %or_ln13, i1 %select_ln13, i1 %select_ln13_1" [aesl_mux_load.4[16 x [196 x i1]]P.i32.i64.i64:13->BoostingTree/Tree_Param.hpp:5->BoostingTree/BoostingTree.cpp:24]   --->   Operation 88 'select' 'node_is_leaf' <Predicate = true> <Delay = 0.81> <Core = "Sel">   --->   Core 26 'Sel' <Latency = 0> <II = 1> <Delay = 0.44> <FuncUnit> <Opcode : 'select'> <InPorts = 3> <OutPorts = 1>
ST_4 : Operation 89 [1/2] (2.77ns)   --->   "%LBoostTree_feature_i_8 = load i4* %LBoostTree_feature_i_7, align 1" [aesl_mux_load.4[16 x [196 x i4]]P.i32.i64.i64:11->BoostingTree/Tree_Param.hpp:5->BoostingTree/BoostingTree.cpp:24]   --->   Operation 89 'load' 'LBoostTree_feature_i_8' <Predicate = (!icmp_ln13_1 & !or_ln13)> <Delay = 2.77> <Core = "ROM_nP">   --->   Core 52 'ROM_nP' <Latency = 1> <II = 1> <Delay = 2.77> <Storage> <Opcode : 'load'> <Ports = 0> <Width = 8> <Depth = 3136> <ROM>
ST_4 : Operation 90 [1/2] (2.77ns)   --->   "%LBoostTree_feature_i_9 = load i4* %LBoostTree_feature_i_4, align 1" [aesl_mux_load.4[16 x [196 x i4]]P.i32.i64.i64:2->BoostingTree/Tree_Param.hpp:5->BoostingTree/BoostingTree.cpp:24]   --->   Operation 90 'load' 'LBoostTree_feature_i_9' <Predicate = (icmp_ln13_1 & !or_ln13)> <Delay = 2.77> <Core = "ROM_nP">   --->   Core 52 'ROM_nP' <Latency = 1> <II = 1> <Delay = 2.77> <Storage> <Opcode : 'load'> <Ports = 0> <Width = 8> <Depth = 3136> <ROM>
ST_4 : Operation 91 [1/2] (2.77ns)   --->   "%LBoostTree_feature_i_10 = load i4* %LBoostTree_feature_i_5, align 1" [aesl_mux_load.4[16 x [196 x i4]]P.i32.i64.i64:5->BoostingTree/Tree_Param.hpp:5->BoostingTree/BoostingTree.cpp:24]   --->   Operation 91 'load' 'LBoostTree_feature_i_10' <Predicate = (!icmp_ln13 & or_ln13)> <Delay = 2.77> <Core = "ROM_nP">   --->   Core 52 'ROM_nP' <Latency = 1> <II = 1> <Delay = 2.77> <Storage> <Opcode : 'load'> <Ports = 0> <Width = 8> <Depth = 3136> <ROM>
ST_4 : Operation 92 [1/2] (2.77ns)   --->   "%LBoostTree_feature_i_11 = load i4* %LBoostTree_feature_i_6, align 1" [aesl_mux_load.4[16 x [196 x i4]]P.i32.i64.i64:8->BoostingTree/Tree_Param.hpp:5->BoostingTree/BoostingTree.cpp:24]   --->   Operation 92 'load' 'LBoostTree_feature_i_11' <Predicate = (icmp_ln13 & or_ln13)> <Delay = 2.77> <Core = "ROM_nP">   --->   Core 52 'ROM_nP' <Latency = 1> <II = 1> <Delay = 2.77> <Storage> <Opcode : 'load'> <Ports = 0> <Width = 8> <Depth = 3136> <ROM>
ST_4 : Operation 93 [1/1] (0.00ns) (grouped into LUT with out node node_feature_index_V)   --->   "%select_ln13_3 = select i1 %icmp_ln13, i4 %LBoostTree_feature_i_11, i4 %LBoostTree_feature_i_10" [aesl_mux_load.4[16 x [196 x i4]]P.i32.i64.i64:13->BoostingTree/Tree_Param.hpp:5->BoostingTree/BoostingTree.cpp:24]   --->   Operation 93 'select' 'select_ln13_3' <Predicate = (or_ln13)> <Delay = 0.00> <Core = "Sel">   --->   Core 26 'Sel' <Latency = 0> <II = 1> <Delay = 0.44> <FuncUnit> <Opcode : 'select'> <InPorts = 3> <OutPorts = 1>
ST_4 : Operation 94 [1/1] (0.83ns) (out node of the LUT)   --->   "%select_ln13_4 = select i1 %icmp_ln13_1, i4 %LBoostTree_feature_i_9, i4 %LBoostTree_feature_i_8" [aesl_mux_load.4[16 x [196 x i4]]P.i32.i64.i64:13->BoostingTree/Tree_Param.hpp:5->BoostingTree/BoostingTree.cpp:24]   --->   Operation 94 'select' 'select_ln13_4' <Predicate = (!or_ln13)> <Delay = 0.83> <Core = "Sel">   --->   Core 26 'Sel' <Latency = 0> <II = 1> <Delay = 0.44> <FuncUnit> <Opcode : 'select'> <InPorts = 3> <OutPorts = 1>
ST_4 : Operation 95 [1/1] (0.83ns) (out node of the LUT)   --->   "%node_feature_index_V = select i1 %or_ln13, i4 %select_ln13_3, i4 %select_ln13_4" [aesl_mux_load.4[16 x [196 x i4]]P.i32.i64.i64:13->BoostingTree/Tree_Param.hpp:5->BoostingTree/BoostingTree.cpp:24]   --->   Operation 95 'select' 'node_feature_index_V' <Predicate = true> <Delay = 0.83> <Core = "Sel">   --->   Core 26 'Sel' <Latency = 0> <II = 1> <Delay = 0.44> <FuncUnit> <Opcode : 'select'> <InPorts = 3> <OutPorts = 1>
ST_4 : Operation 96 [1/2] (2.77ns)   --->   "%LBoostTree_value_3_l = load float* %LBoostTree_value_3_a, align 4" [aesl_mux_load.4[16 x [196 x float]]P.i32.i64.i64:11->BoostingTree/Tree_Param.hpp:5->BoostingTree/BoostingTree.cpp:24]   --->   Operation 96 'load' 'LBoostTree_value_3_l' <Predicate = (!icmp_ln13 & !icmp_ln13_1 & !icmp_ln13_2)> <Delay = 2.77> <Core = "ROM_nP">   --->   Core 52 'ROM_nP' <Latency = 1> <II = 1> <Delay = 2.77> <Storage> <Opcode : 'load'> <Ports = 0> <Width = 8> <Depth = 3136> <ROM>
ST_4 : Operation 97 [1/2] (2.77ns)   --->   "%LBoostTree_value_0_l = load float* %LBoostTree_value_0_a, align 4" [aesl_mux_load.4[16 x [196 x float]]P.i32.i64.i64:2->BoostingTree/Tree_Param.hpp:5->BoostingTree/BoostingTree.cpp:24]   --->   Operation 97 'load' 'LBoostTree_value_0_l' <Predicate = (!icmp_ln13 & icmp_ln13_1 & !icmp_ln13_2)> <Delay = 2.77> <Core = "ROM_nP">   --->   Core 52 'ROM_nP' <Latency = 1> <II = 1> <Delay = 2.77> <Storage> <Opcode : 'load'> <Ports = 0> <Width = 8> <Depth = 3136> <ROM>
ST_4 : Operation 98 [1/2] (2.77ns)   --->   "%LBoostTree_value_1_l = load float* %LBoostTree_value_1_a, align 4" [aesl_mux_load.4[16 x [196 x float]]P.i32.i64.i64:5->BoostingTree/Tree_Param.hpp:5->BoostingTree/BoostingTree.cpp:24]   --->   Operation 98 'load' 'LBoostTree_value_1_l' <Predicate = (!icmp_ln13 & icmp_ln13_2)> <Delay = 2.77> <Core = "ROM_nP">   --->   Core 52 'ROM_nP' <Latency = 1> <II = 1> <Delay = 2.77> <Storage> <Opcode : 'load'> <Ports = 0> <Width = 8> <Depth = 3136> <ROM>
ST_4 : Operation 99 [1/2] (2.77ns)   --->   "%LBoostTree_value_2_l = load float* %LBoostTree_value_2_a, align 4" [aesl_mux_load.4[16 x [196 x float]]P.i32.i64.i64:8->BoostingTree/Tree_Param.hpp:5->BoostingTree/BoostingTree.cpp:24]   --->   Operation 99 'load' 'LBoostTree_value_2_l' <Predicate = (icmp_ln13)> <Delay = 2.77> <Core = "ROM_nP">   --->   Core 52 'ROM_nP' <Latency = 1> <II = 1> <Delay = 2.77> <Storage> <Opcode : 'load'> <Ports = 0> <Width = 8> <Depth = 3136> <ROM>
ST_4 : Operation 100 [1/1] (0.00ns) (grouped into LUT with out node select_ln13_7)   --->   "%select_ln13_6 = select i1 %icmp_ln13_1, float %LBoostTree_value_0_l, float %LBoostTree_value_3_l" [aesl_mux_load.4[16 x [196 x float]]P.i32.i64.i64:13->BoostingTree/Tree_Param.hpp:5->BoostingTree/BoostingTree.cpp:24]   --->   Operation 100 'select' 'select_ln13_6' <Predicate = (!icmp_ln13 & !icmp_ln13_2)> <Delay = 0.00> <Core = "Sel">   --->   Core 26 'Sel' <Latency = 0> <II = 1> <Delay = 0.44> <FuncUnit> <Opcode : 'select'> <InPorts = 3> <OutPorts = 1>
ST_4 : Operation 101 [1/1] (0.70ns) (out node of the LUT)   --->   "%select_ln13_7 = select i1 %icmp_ln13_2, float %LBoostTree_value_1_l, float %select_ln13_6" [aesl_mux_load.4[16 x [196 x float]]P.i32.i64.i64:13->BoostingTree/Tree_Param.hpp:5->BoostingTree/BoostingTree.cpp:24]   --->   Operation 101 'select' 'select_ln13_7' <Predicate = (!icmp_ln13)> <Delay = 0.70> <Core = "Sel">   --->   Core 26 'Sel' <Latency = 0> <II = 1> <Delay = 0.44> <FuncUnit> <Opcode : 'select'> <InPorts = 3> <OutPorts = 1>
ST_4 : Operation 102 [1/1] (0.70ns) (out node of the LUT)   --->   "%node_value = select i1 %icmp_ln13, float %LBoostTree_value_2_l, float %select_ln13_7" [aesl_mux_load.4[16 x [196 x float]]P.i32.i64.i64:13->BoostingTree/Tree_Param.hpp:5->BoostingTree/BoostingTree.cpp:24]   --->   Operation 102 'select' 'node_value' <Predicate = true> <Delay = 0.70> <Core = "Sel">   --->   Core 26 'Sel' <Latency = 0> <II = 1> <Delay = 0.44> <FuncUnit> <Opcode : 'select'> <InPorts = 3> <OutPorts = 1>
ST_4 : Operation 103 [1/2] (2.77ns)   --->   "%LBoostTree_left_chil_8 = load i8* %LBoostTree_left_chil_4, align 1" [BoostingTree/Tree_Param.hpp:5->BoostingTree/BoostingTree.cpp:24]   --->   Operation 103 'load' 'LBoostTree_left_chil_8' <Predicate = true> <Delay = 2.77> <Core = "ROM_nP">   --->   Core 52 'ROM_nP' <Latency = 1> <II = 1> <Delay = 2.77> <Storage> <Opcode : 'load'> <Ports = 0> <Width = 8> <Depth = 3136> <ROM>
ST_4 : Operation 104 [1/2] (2.77ns)   --->   "%LBoostTree_left_chil_9 = load i8* %LBoostTree_left_chil_5, align 1" [BoostingTree/Tree_Param.hpp:5->BoostingTree/BoostingTree.cpp:24]   --->   Operation 104 'load' 'LBoostTree_left_chil_9' <Predicate = true> <Delay = 2.77> <Core = "ROM_nP">   --->   Core 52 'ROM_nP' <Latency = 1> <II = 1> <Delay = 2.77> <Storage> <Opcode : 'load'> <Ports = 0> <Width = 8> <Depth = 3136> <ROM>
ST_4 : Operation 105 [1/2] (2.77ns)   --->   "%LBoostTree_left_chil_10 = load i8* %LBoostTree_left_chil_6, align 1" [BoostingTree/Tree_Param.hpp:5->BoostingTree/BoostingTree.cpp:24]   --->   Operation 105 'load' 'LBoostTree_left_chil_10' <Predicate = true> <Delay = 2.77> <Core = "ROM_nP">   --->   Core 52 'ROM_nP' <Latency = 1> <II = 1> <Delay = 2.77> <Storage> <Opcode : 'load'> <Ports = 0> <Width = 8> <Depth = 3136> <ROM>
ST_4 : Operation 106 [1/2] (2.77ns)   --->   "%LBoostTree_left_chil_11 = load i8* %LBoostTree_left_chil_7, align 1" [BoostingTree/Tree_Param.hpp:5->BoostingTree/BoostingTree.cpp:24]   --->   Operation 106 'load' 'LBoostTree_left_chil_11' <Predicate = true> <Delay = 2.77> <Core = "ROM_nP">   --->   Core 52 'ROM_nP' <Latency = 1> <II = 1> <Delay = 2.77> <Storage> <Opcode : 'load'> <Ports = 0> <Width = 8> <Depth = 3136> <ROM>
ST_4 : Operation 107 [1/1] (1.42ns)   --->   "%node_left_child_V = call i8 @_ssdm_op_Mux.ap_auto.4i8.i32(i8 %LBoostTree_left_chil_8, i8 %LBoostTree_left_chil_9, i8 %LBoostTree_left_chil_10, i8 %LBoostTree_left_chil_11, i32 %zext_ln5) nounwind" [BoostingTree/Tree_Param.hpp:5->BoostingTree/BoostingTree.cpp:24]   --->   Operation 107 'mux' 'node_left_child_V' <Predicate = true> <Delay = 1.42> <Core = "MuxnS">   --->   Core 31 'MuxnS' <Latency = 0> <II = 1> <Delay = 1.42> <FuncUnit> <Opcode : 'mux'> <InPorts = 2> <OutPorts = 1>
ST_4 : Operation 108 [1/2] (2.77ns)   --->   "%LBoostTree_right_chi_8 = load i8* %LBoostTree_right_chi_4, align 1" [BoostingTree/Tree_Param.hpp:5->BoostingTree/BoostingTree.cpp:24]   --->   Operation 108 'load' 'LBoostTree_right_chi_8' <Predicate = true> <Delay = 2.77> <Core = "ROM_nP">   --->   Core 52 'ROM_nP' <Latency = 1> <II = 1> <Delay = 2.77> <Storage> <Opcode : 'load'> <Ports = 0> <Width = 8> <Depth = 3136> <ROM>
ST_4 : Operation 109 [1/2] (2.77ns)   --->   "%LBoostTree_right_chi_9 = load i8* %LBoostTree_right_chi_5, align 1" [BoostingTree/Tree_Param.hpp:5->BoostingTree/BoostingTree.cpp:24]   --->   Operation 109 'load' 'LBoostTree_right_chi_9' <Predicate = true> <Delay = 2.77> <Core = "ROM_nP">   --->   Core 52 'ROM_nP' <Latency = 1> <II = 1> <Delay = 2.77> <Storage> <Opcode : 'load'> <Ports = 0> <Width = 8> <Depth = 3136> <ROM>
ST_4 : Operation 110 [1/2] (2.77ns)   --->   "%LBoostTree_right_chi_10 = load i8* %LBoostTree_right_chi_6, align 1" [BoostingTree/Tree_Param.hpp:5->BoostingTree/BoostingTree.cpp:24]   --->   Operation 110 'load' 'LBoostTree_right_chi_10' <Predicate = true> <Delay = 2.77> <Core = "ROM_nP">   --->   Core 52 'ROM_nP' <Latency = 1> <II = 1> <Delay = 2.77> <Storage> <Opcode : 'load'> <Ports = 0> <Width = 8> <Depth = 3136> <ROM>
ST_4 : Operation 111 [1/2] (2.77ns)   --->   "%LBoostTree_right_chi_11 = load i8* %LBoostTree_right_chi_7, align 1" [BoostingTree/Tree_Param.hpp:5->BoostingTree/BoostingTree.cpp:24]   --->   Operation 111 'load' 'LBoostTree_right_chi_11' <Predicate = true> <Delay = 2.77> <Core = "ROM_nP">   --->   Core 52 'ROM_nP' <Latency = 1> <II = 1> <Delay = 2.77> <Storage> <Opcode : 'load'> <Ports = 0> <Width = 8> <Depth = 3136> <ROM>
ST_4 : Operation 112 [1/1] (1.42ns)   --->   "%node_right_child_V = call i8 @_ssdm_op_Mux.ap_auto.4i8.i32(i8 %LBoostTree_right_chi_8, i8 %LBoostTree_right_chi_9, i8 %LBoostTree_right_chi_10, i8 %LBoostTree_right_chi_11, i32 %zext_ln5) nounwind" [BoostingTree/Tree_Param.hpp:5->BoostingTree/BoostingTree.cpp:24]   --->   Operation 112 'mux' 'node_right_child_V' <Predicate = true> <Delay = 1.42> <Core = "MuxnS">   --->   Core 31 'MuxnS' <Latency = 0> <II = 1> <Delay = 1.42> <FuncUnit> <Opcode : 'mux'> <InPorts = 2> <OutPorts = 1>
ST_4 : Operation 113 [1/1] (0.00ns)   --->   "br i1 %node_is_leaf, label %hls_label_0_end, label %hls_label_1_end" [BoostingTree/BoostingTree.cpp:25]   --->   Operation 113 'br' <Predicate = true> <Delay = 0.00>
ST_4 : Operation 114 [1/1] (0.00ns)   --->   "%zext_ln215 = zext i4 %node_feature_index_V to i5" [BoostingTree/BoostingTree.cpp:30]   --->   Operation 114 'zext' 'zext_ln215' <Predicate = (!node_is_leaf)> <Delay = 0.00>
ST_4 : Operation 115 [1/1] (0.99ns)   --->   "%ret_V = add i5 -1, %zext_ln215" [BoostingTree/BoostingTree.cpp:30]   --->   Operation 115 'add' 'ret_V' <Predicate = (!node_is_leaf)> <Delay = 0.99> <Core = "AddSub">   --->   Core 14 'AddSub' <Latency = 0> <II = 1> <Delay = 0.99> <FuncUnit> <Opcode : 'add' 'sub'> <InPorts = 2> <OutPorts = 1>
ST_4 : Operation 116 [1/1] (0.00ns)   --->   "%sext_ln544 = sext i5 %ret_V to i64" [BoostingTree/BoostingTree.cpp:30]   --->   Operation 116 'sext' 'sext_ln544' <Predicate = (!node_is_leaf)> <Delay = 0.00>
ST_4 : Operation 117 [1/1] (0.00ns)   --->   "%features_addr = getelementptr [13 x float]* %features, i64 0, i64 %sext_ln544" [BoostingTree/BoostingTree.cpp:30]   --->   Operation 117 'getelementptr' 'features_addr' <Predicate = (!node_is_leaf)> <Delay = 0.00>
ST_4 : Operation 118 [2/2] (1.75ns)   --->   "%fval = load float* %features_addr, align 4" [BoostingTree/BoostingTree.cpp:30]   --->   Operation 118 'load' 'fval' <Predicate = (!node_is_leaf)> <Delay = 1.75> <Core = "RAM">   --->   Core 37 'RAM' <Latency = 1> <II = 1> <Delay = 1.75> <Storage> <Opcode : 'load' 'store'> <Ports = 2> <Width = 32> <Depth = 13> <RAM>

State 5 <SV = 4> <Delay = 5.95>
ST_5 : Operation 119 [1/2] (1.75ns)   --->   "%fval = load float* %features_addr, align 4" [BoostingTree/BoostingTree.cpp:30]   --->   Operation 119 'load' 'fval' <Predicate = true> <Delay = 1.75> <Core = "RAM">   --->   Core 37 'RAM' <Latency = 1> <II = 1> <Delay = 1.75> <Storage> <Opcode : 'load' 'store'> <Ports = 2> <Width = 32> <Depth = 13> <RAM>
ST_5 : Operation 120 [1/1] (0.00ns)   --->   "%bitcast_ln31 = bitcast float %fval to i32" [BoostingTree/BoostingTree.cpp:31]   --->   Operation 120 'bitcast' 'bitcast_ln31' <Predicate = true> <Delay = 0.00>
ST_5 : Operation 121 [1/1] (0.00ns)   --->   "%tmp = call i8 @_ssdm_op_PartSelect.i8.i32.i32.i32(i32 %bitcast_ln31, i32 23, i32 30)" [BoostingTree/BoostingTree.cpp:31]   --->   Operation 121 'partselect' 'tmp' <Predicate = true> <Delay = 0.00>
ST_5 : Operation 122 [1/1] (0.00ns)   --->   "%trunc_ln31 = trunc i32 %bitcast_ln31 to i23" [BoostingTree/BoostingTree.cpp:31]   --->   Operation 122 'trunc' 'trunc_ln31' <Predicate = true> <Delay = 0.00>
ST_5 : Operation 123 [1/1] (0.00ns)   --->   "%bitcast_ln31_1 = bitcast float %node_value to i32" [BoostingTree/BoostingTree.cpp:31]   --->   Operation 123 'bitcast' 'bitcast_ln31_1' <Predicate = true> <Delay = 0.00>
ST_5 : Operation 124 [1/1] (0.00ns)   --->   "%tmp_3 = call i8 @_ssdm_op_PartSelect.i8.i32.i32.i32(i32 %bitcast_ln31_1, i32 23, i32 30)" [BoostingTree/BoostingTree.cpp:31]   --->   Operation 124 'partselect' 'tmp_3' <Predicate = true> <Delay = 0.00>
ST_5 : Operation 125 [1/1] (0.00ns)   --->   "%trunc_ln31_1 = trunc i32 %bitcast_ln31_1 to i23" [BoostingTree/BoostingTree.cpp:31]   --->   Operation 125 'trunc' 'trunc_ln31_1' <Predicate = true> <Delay = 0.00>
ST_5 : Operation 126 [1/1] (1.31ns)   --->   "%icmp_ln31 = icmp ne i8 %tmp, -1" [BoostingTree/BoostingTree.cpp:31]   --->   Operation 126 'icmp' 'icmp_ln31' <Predicate = true> <Delay = 1.31> <Core = "Cmp">   --->   Core 25 'Cmp' <Latency = 0> <II = 1> <Delay = 2.02> <FuncUnit> <Opcode : 'icmp'> <InPorts = 2> <OutPorts = 1>
ST_5 : Operation 127 [1/1] (2.02ns)   --->   "%icmp_ln31_1 = icmp eq i23 %trunc_ln31, 0" [BoostingTree/BoostingTree.cpp:31]   --->   Operation 127 'icmp' 'icmp_ln31_1' <Predicate = true> <Delay = 2.02> <Core = "Cmp">   --->   Core 25 'Cmp' <Latency = 0> <II = 1> <Delay = 2.02> <FuncUnit> <Opcode : 'icmp'> <InPorts = 2> <OutPorts = 1>
ST_5 : Operation 128 [1/1] (1.31ns)   --->   "%icmp_ln31_2 = icmp ne i8 %tmp_3, -1" [BoostingTree/BoostingTree.cpp:31]   --->   Operation 128 'icmp' 'icmp_ln31_2' <Predicate = true> <Delay = 1.31> <Core = "Cmp">   --->   Core 25 'Cmp' <Latency = 0> <II = 1> <Delay = 2.02> <FuncUnit> <Opcode : 'icmp'> <InPorts = 2> <OutPorts = 1>
ST_5 : Operation 129 [1/1] (2.02ns)   --->   "%icmp_ln31_3 = icmp eq i23 %trunc_ln31_1, 0" [BoostingTree/BoostingTree.cpp:31]   --->   Operation 129 'icmp' 'icmp_ln31_3' <Predicate = true> <Delay = 2.02> <Core = "Cmp">   --->   Core 25 'Cmp' <Latency = 0> <II = 1> <Delay = 2.02> <FuncUnit> <Opcode : 'icmp'> <InPorts = 2> <OutPorts = 1>
ST_5 : Operation 130 [2/2] (4.19ns)   --->   "%tmp_4 = fcmp ole float %fval, %node_value" [BoostingTree/BoostingTree.cpp:31]   --->   Operation 130 'fcmp' 'tmp_4' <Predicate = true> <Delay = 4.19> <Core = "FCmp">   --->   Core 111 'FCmp' <Latency = 1> <II = 1> <Delay = 4.19> <FuncUnit> <Opcode : 'fcmp'> <InPorts = 2> <OutPorts = 1>

State 6 <SV = 5> <Delay = 5.44>
ST_6 : Operation 131 [1/1] (0.00ns) (grouped into LUT with out node and_ln31_1)   --->   "%or_ln31 = or i1 %icmp_ln31_1, %icmp_ln31" [BoostingTree/BoostingTree.cpp:31]   --->   Operation 131 'or' 'or_ln31' <Predicate = true> <Delay = 0.00> <Core = "LogicGate">   --->   Core 27 'LogicGate' <Latency = 0> <II = 1> <Delay = 0.80> <FuncUnit> <Opcode : 'and' 'or' 'xor'> <InPorts = 2> <OutPorts = 1>
ST_6 : Operation 132 [1/1] (0.00ns) (grouped into LUT with out node and_ln31_1)   --->   "%or_ln31_1 = or i1 %icmp_ln31_3, %icmp_ln31_2" [BoostingTree/BoostingTree.cpp:31]   --->   Operation 132 'or' 'or_ln31_1' <Predicate = true> <Delay = 0.00> <Core = "LogicGate">   --->   Core 27 'LogicGate' <Latency = 0> <II = 1> <Delay = 0.80> <FuncUnit> <Opcode : 'and' 'or' 'xor'> <InPorts = 2> <OutPorts = 1>
ST_6 : Operation 133 [1/1] (0.00ns) (grouped into LUT with out node and_ln31_1)   --->   "%and_ln31 = and i1 %or_ln31, %or_ln31_1" [BoostingTree/BoostingTree.cpp:31]   --->   Operation 133 'and' 'and_ln31' <Predicate = true> <Delay = 0.00> <Core = "LogicGate">   --->   Core 27 'LogicGate' <Latency = 0> <II = 1> <Delay = 0.80> <FuncUnit> <Opcode : 'and' 'or' 'xor'> <InPorts = 2> <OutPorts = 1>
ST_6 : Operation 134 [1/2] (4.19ns)   --->   "%tmp_4 = fcmp ole float %fval, %node_value" [BoostingTree/BoostingTree.cpp:31]   --->   Operation 134 'fcmp' 'tmp_4' <Predicate = true> <Delay = 4.19> <Core = "FCmp">   --->   Core 111 'FCmp' <Latency = 1> <II = 1> <Delay = 4.19> <FuncUnit> <Opcode : 'fcmp'> <InPorts = 2> <OutPorts = 1>
ST_6 : Operation 135 [1/1] (0.80ns) (out node of the LUT)   --->   "%and_ln31_1 = and i1 %and_ln31, %tmp_4" [BoostingTree/BoostingTree.cpp:31]   --->   Operation 135 'and' 'and_ln31_1' <Predicate = true> <Delay = 0.80> <Core = "LogicGate">   --->   Core 27 'LogicGate' <Latency = 0> <II = 1> <Delay = 0.80> <FuncUnit> <Opcode : 'and' 'or' 'xor'> <InPorts = 2> <OutPorts = 1>
ST_6 : Operation 136 [1/1] (0.44ns) (out node of the LUT)   --->   "%select_ln31 = select i1 %and_ln31_1, i8 %node_left_child_V, i8 %node_right_child_V" [BoostingTree/BoostingTree.cpp:31]   --->   Operation 136 'select' 'select_ln31' <Predicate = true> <Delay = 0.44> <Core = "Sel">   --->   Core 26 'Sel' <Latency = 0> <II = 1> <Delay = 0.44> <FuncUnit> <Opcode : 'select'> <InPorts = 3> <OutPorts = 1>
ST_6 : Operation 137 [1/1] (0.00ns)   --->   "%empty_6 = call i32 (...)* @_ssdm_op_SpecRegionEnd([12 x i8]* @p_str5, i32 %tmp_2) nounwind" [BoostingTree/BoostingTree.cpp:33]   --->   Operation 137 'specregionend' 'empty_6' <Predicate = true> <Delay = 0.00>
ST_6 : Operation 138 [1/1] (0.00ns)   --->   "br label %hls_label_1_begin" [BoostingTree/BoostingTree.cpp:33]   --->   Operation 138 'br' <Predicate = true> <Delay = 0.00>

State 7 <SV = 4> <Delay = 8.58>
ST_7 : Operation 139 [4/4] (8.58ns)   --->   "%sum = fadd float %sum_0, %node_value" [BoostingTree/BoostingTree.cpp:26]   --->   Operation 139 'fadd' 'sum' <Predicate = true> <Delay = 8.58> <Core = "FAddSub">   --->   Core 105 'FAddSub' <Latency = 3> <II = 1> <Delay = 8.58> <FuncUnit> <Opcode : 'fadd' 'fsub'> <InPorts = 2> <OutPorts = 1>

State 8 <SV = 5> <Delay = 8.58>
ST_8 : Operation 140 [3/4] (8.58ns)   --->   "%sum = fadd float %sum_0, %node_value" [BoostingTree/BoostingTree.cpp:26]   --->   Operation 140 'fadd' 'sum' <Predicate = true> <Delay = 8.58> <Core = "FAddSub">   --->   Core 105 'FAddSub' <Latency = 3> <II = 1> <Delay = 8.58> <FuncUnit> <Opcode : 'fadd' 'fsub'> <InPorts = 2> <OutPorts = 1>

State 9 <SV = 6> <Delay = 8.58>
ST_9 : Operation 141 [2/4] (8.58ns)   --->   "%sum = fadd float %sum_0, %node_value" [BoostingTree/BoostingTree.cpp:26]   --->   Operation 141 'fadd' 'sum' <Predicate = true> <Delay = 8.58> <Core = "FAddSub">   --->   Core 105 'FAddSub' <Latency = 3> <II = 1> <Delay = 8.58> <FuncUnit> <Opcode : 'fadd' 'fsub'> <InPorts = 2> <OutPorts = 1>

State 10 <SV = 7> <Delay = 8.58>
ST_10 : Operation 142 [1/4] (8.58ns)   --->   "%sum = fadd float %sum_0, %node_value" [BoostingTree/BoostingTree.cpp:26]   --->   Operation 142 'fadd' 'sum' <Predicate = true> <Delay = 8.58> <Core = "FAddSub">   --->   Core 105 'FAddSub' <Latency = 3> <II = 1> <Delay = 8.58> <FuncUnit> <Opcode : 'fadd' 'fsub'> <InPorts = 2> <OutPorts = 1>
ST_10 : Operation 143 [1/1] (0.00ns)   --->   "%empty = call i32 (...)* @_ssdm_op_SpecRegionEnd([12 x i8]* @p_str4, i32 %tmp_1) nounwind" [BoostingTree/BoostingTree.cpp:34]   --->   Operation 143 'specregionend' 'empty' <Predicate = true> <Delay = 0.00>
ST_10 : Operation 144 [1/1] (0.00ns)   --->   "br label %1" [BoostingTree/BoostingTree.cpp:16]   --->   Operation 144 'br' <Predicate = true> <Delay = 0.00>


============================================================
+ Verbose Summary: Timing violations
============================================================
Target clock period: 10ns, clock uncertainty: 1.25ns.

 <State 1>: 0.466ns
The critical path consists of the following:
	multiplexor before 'phi' operation ('sum') with incoming values : ('sum', BoostingTree/BoostingTree.cpp:26) [28]  (0.466 ns)

 <State 2>: 3.59ns
The critical path consists of the following:
	'phi' operation ('i') with incoming values : ('i', BoostingTree/BoostingTree.cpp:16) [29]  (0 ns)
	'mul' operation ('mul_ln1', aesl_mux_load.4[16 x [196 x i4]]P.i32.i64.i64:1->BoostingTree/Tree_Param.hpp:5->BoostingTree/BoostingTree.cpp:24) [42]  (3.59 ns)

 <State 3>: 4.32ns
The critical path consists of the following:
	'phi' operation ('curren_0', BoostingTree/BoostingTree.cpp:31) with incoming values : ('select_ln31', BoostingTree/BoostingTree.cpp:31) [49]  (0 ns)
	'add' operation ('add_ln1', aesl_mux_load.4[16 x [196 x i4]]P.i32.i64.i64:1->BoostingTree/Tree_Param.hpp:5->BoostingTree/BoostingTree.cpp:24) [53]  (1.55 ns)
	'getelementptr' operation ('LBoostTree_is_leaf_3_1', aesl_mux_load.4[16 x [196 x i1]]P.i32.i64.i64:10->BoostingTree/Tree_Param.hpp:5->BoostingTree/BoostingTree.cpp:24) [62]  (0 ns)
	'load' operation ('LBoostTree_is_leaf_3_2', aesl_mux_load.4[16 x [196 x i1]]P.i32.i64.i64:11->BoostingTree/Tree_Param.hpp:5->BoostingTree/BoostingTree.cpp:24) on array 'LBoostTree_is_leaf_3' [75]  (2.77 ns)

 <State 4>: 7.19ns
The critical path consists of the following:
	'load' operation ('LBoostTree_feature_i_8', aesl_mux_load.4[16 x [196 x i4]]P.i32.i64.i64:11->BoostingTree/Tree_Param.hpp:5->BoostingTree/BoostingTree.cpp:24) on array 'LBoostTree_feature_i' [82]  (2.77 ns)
	'select' operation ('select_ln13_4', aesl_mux_load.4[16 x [196 x i4]]P.i32.i64.i64:13->BoostingTree/Tree_Param.hpp:5->BoostingTree/BoostingTree.cpp:24) [87]  (0.836 ns)
	'select' operation ('node.feature_index.V', aesl_mux_load.4[16 x [196 x i4]]P.i32.i64.i64:13->BoostingTree/Tree_Param.hpp:5->BoostingTree/BoostingTree.cpp:24) [88]  (0.836 ns)
	'add' operation ('ret.V', BoostingTree/BoostingTree.cpp:30) [109]  (0.997 ns)
	'getelementptr' operation ('features_addr', BoostingTree/BoostingTree.cpp:30) [111]  (0 ns)
	'load' operation ('fval', BoostingTree/BoostingTree.cpp:30) on array 'features' [112]  (1.75 ns)

 <State 5>: 5.95ns
The critical path consists of the following:
	'load' operation ('fval', BoostingTree/BoostingTree.cpp:30) on array 'features' [112]  (1.75 ns)
	'fcmp' operation ('tmp_4', BoostingTree/BoostingTree.cpp:31) [126]  (4.2 ns)

 <State 6>: 5.45ns
The critical path consists of the following:
	'fcmp' operation ('tmp_4', BoostingTree/BoostingTree.cpp:31) [126]  (4.2 ns)
	'and' operation ('and_ln31_1', BoostingTree/BoostingTree.cpp:31) [127]  (0.8 ns)
	'select' operation ('select_ln31', BoostingTree/BoostingTree.cpp:31) [128]  (0.448 ns)

 <State 7>: 8.59ns
The critical path consists of the following:
	'fadd' operation ('sum', BoostingTree/BoostingTree.cpp:26) [132]  (8.59 ns)

 <State 8>: 8.59ns
The critical path consists of the following:
	'fadd' operation ('sum', BoostingTree/BoostingTree.cpp:26) [132]  (8.59 ns)

 <State 9>: 8.59ns
The critical path consists of the following:
	'fadd' operation ('sum', BoostingTree/BoostingTree.cpp:26) [132]  (8.59 ns)

 <State 10>: 8.59ns
The critical path consists of the following:
	'fadd' operation ('sum', BoostingTree/BoostingTree.cpp:26) [132]  (8.59 ns)


============================================================
+ Verbose Summary: Binding
============================================================
N/A
* FSMD analyzer results:
  - Output states:
 - Input state : 
  - Chain level:
	State 1
	State 2
	State 3
	State 4
	State 5
	State 6
	State 7
	State 8
	State 9
	State 10


============================================================
+ Verbose Summary: Datapath Resource usage 
============================================================
N/A
